// Jest Snapshot v1, https://goo.gl/fbAQLP

exports[`chartater detail page has the details of only a single character 1`] = `Promise {}`;
